------------------------------------------------------------
TimeQuest Timing Analyzer Summary
------------------------------------------------------------

Type  : Slow Model Setup 'clock'
Slack : -136.217
TNS   : -12538.569

Type  : Slow Model Setup 'clock2'
Slack : -3.597
TNS   : -3317.398

Type  : Slow Model Setup 'IDEX:inst9|registerBarrier149:inst|output[142]'
Slack : 0.650
TNS   : 0.000

Type  : Slow Model Hold 'clock'
Slack : -2.021
TNS   : -24.370

Type  : Slow Model Hold 'IDEX:inst9|registerBarrier149:inst|output[142]'
Slack : -1.121
TNS   : -30.214

Type  : Slow Model Hold 'clock2'
Slack : 0.631
TNS   : 0.000

Type  : Slow Model Minimum Pulse Width 'clock2'
Slack : -2.000
TNS   : -1829.060

Type  : Slow Model Minimum Pulse Width 'clock'
Slack : -1.380
TNS   : -473.380

Type  : Slow Model Minimum Pulse Width 'IDEX:inst9|registerBarrier149:inst|output[142]'
Slack : 0.500
TNS   : 0.000

Type  : Fast Model Setup 'clock'
Slack : -61.388
TNS   : -5546.701

Type  : Fast Model Setup 'clock2'
Slack : -1.460
TNS   : -1032.311

Type  : Fast Model Setup 'IDEX:inst9|registerBarrier149:inst|output[142]'
Slack : 0.438
TNS   : 0.000

Type  : Fast Model Hold 'clock'
Slack : -1.407
TNS   : -48.414

Type  : Fast Model Hold 'IDEX:inst9|registerBarrier149:inst|output[142]'
Slack : -0.090
TNS   : -1.001

Type  : Fast Model Hold 'clock2'
Slack : 0.254
TNS   : 0.000

Type  : Fast Model Minimum Pulse Width 'clock2'
Slack : -2.000
TNS   : -1829.060

Type  : Fast Model Minimum Pulse Width 'clock'
Slack : -1.380
TNS   : -473.380

Type  : Fast Model Minimum Pulse Width 'IDEX:inst9|registerBarrier149:inst|output[142]'
Slack : 0.500
TNS   : 0.000

------------------------------------------------------------
