------------------------------------------------------------
TimeQuest Timing Analyzer Summary
------------------------------------------------------------

Type  : Slow Model Setup 'clock'
Slack : -129.690
TNS   : -11157.931

Type  : Slow Model Setup 'clock2'
Slack : -3.336
TNS   : -2990.716

Type  : Slow Model Hold 'clock'
Slack : -2.186
TNS   : -132.710

Type  : Slow Model Hold 'clock2'
Slack : 0.624
TNS   : 0.000

Type  : Slow Model Recovery 'clock'
Slack : -25.902
TNS   : -16028.245

Type  : Slow Model Removal 'clock'
Slack : 0.953
TNS   : 0.000

Type  : Slow Model Minimum Pulse Width 'clock'
Slack : -2.000
TNS   : -1851.668

Type  : Slow Model Minimum Pulse Width 'clock2'
Slack : -2.000
TNS   : -1729.380

Type  : Fast Model Setup 'clock'
Slack : -58.707
TNS   : -4775.928

Type  : Fast Model Setup 'clock2'
Slack : -1.460
TNS   : -926.504

Type  : Fast Model Hold 'clock'
Slack : -1.094
TNS   : -69.951

Type  : Fast Model Hold 'clock2'
Slack : 0.243
TNS   : 0.000

Type  : Fast Model Recovery 'clock'
Slack : -11.252
TNS   : -6856.929

Type  : Fast Model Removal 'clock'
Slack : 0.721
TNS   : 0.000

Type  : Fast Model Minimum Pulse Width 'clock'
Slack : -2.000
TNS   : -1876.244

Type  : Fast Model Minimum Pulse Width 'clock2'
Slack : -2.000
TNS   : -1729.380

------------------------------------------------------------
